// Jest Snapshot v1, https://goo.gl/fbAQLP

exports[`Button renders 1`] = `null`;

exports[`Heading renders 1`] = `null`;
