// Jest Snapshot v1, https://goo.gl/fbAQLP

exports[`Colorable returns all possible colors 1`] = `
<div>
  <div>
    <a
      class="sc-bdVaJa kTRbHh"
      color="#000000"
    >
      Beep
    </a>
    <a
      class="sc-bdVaJa gAGYdY"
      color="#000000"
    >
      Beep
    </a>
    <a
      class="sc-bdVaJa fHEyNX"
      color="#000000"
    >
      Beep
    </a>
    <a
      class="sc-bdVaJa iwGkRz"
      color="#000000"
    >
      Beep
    </a>
  </div>
  <div>
    <a
      class="sc-bdVaJa gRRsQv"
      color="#FFFFFF"
    >
      Beep
    </a>
    <a
      class="sc-bdVaJa dJGEST"
      color="#FFFFFF"
    >
      Beep
    </a>
    <a
      class="sc-bdVaJa fwCLOM"
      color="#FFFFFF"
    >
      Beep
    </a>
    <a
      class="sc-bdVaJa NeQsC"
      color="#FFFFFF"
    >
      Beep
    </a>
  </div>
  <div>
    <a
      class="sc-bdVaJa gtPXqJ"
      color="#FFC0CB"
    >
      Beep
    </a>
    <a
      class="sc-bdVaJa jAalqH"
      color="#FFC0CB"
    >
      Beep
    </a>
    <a
      class="sc-bdVaJa ljhWdy"
      color="#FFC0CB"
    >
      Beep
    </a>
    <a
      class="sc-bdVaJa hyirdA"
      color="#FFC0CB"
    >
      Beep
    </a>
  </div>
  <div>
    <a
      class="sc-bdVaJa koEmuR"
      color="#FF6347"
    >
      Beep
    </a>
    <a
      class="sc-bdVaJa OdXpw"
      color="#FF6347"
    >
      Beep
    </a>
    <a
      class="sc-bdVaJa cRUWYi"
      color="#FF6347"
    >
      Beep
    </a>
    <a
      class="sc-bdVaJa ezWgPj"
      color="#FF6347"
    >
      Beep
    </a>
  </div>
  <div>
    <a
      class="sc-bdVaJa fTuYmm"
      color="#800080"
    >
      Beep
    </a>
    <a
      class="sc-bdVaJa hteWZN"
      color="#800080"
    >
      Beep
    </a>
    <a
      class="sc-bdVaJa ksSwfF"
      color="#800080"
    >
      Beep
    </a>
    <a
      class="sc-bdVaJa hhgwHq"
      color="#800080"
    >
      Beep
    </a>
  </div>
</div>
`;
